// Jest Snapshot v1, https://goo.gl/fbAQLP

exports[`renders correctly 1`] = `
<div
  className="sc-bczRLJ hZqhXJ class"
>
  <div
    className="flex fill"
  >
    <p
      className="sc-gsnTZi iuwaYe"
    >
      this is the header text
    </p>
    <svg
      className="sc-hKMtZM rlYum ml-auto"
      height="24"
      onClick={[Function]}
      viewBox="0 0 24 24"
      width="24"
      xmlns="http://www.w3.org/2000/svg"
    >
      <path
        d="M12 2c5.514 0 10 4.486 10 10s-4.486 10-10 10-10-4.486-10-10 4.486-10 10-10zm0-2c-6.627 0-12 5.373-12 12s5.373 12 12 12 12-5.373 12-12-5.373-12-12-12zm6 16.094l-4.157-4.104 4.1-4.141-1.849-1.849-4.105 4.159-4.156-4.102-1.833 1.834 4.161 4.12-4.104 4.157 1.834 1.832 4.118-4.159 4.143 4.102 1.848-1.849z"
      />
    </svg>
  </div>
  <p
    className="sc-dkzDqf ixrmBA"
  >
    this is the alert text
  </p>
</div>
`;
