// Jest Snapshot v1, https://goo.gl/fbAQLP

exports[`renders correctly 1`] = `
<div>
  <div
    class="sc-bczRLJ eyqewe"
  >
    <textarea
      name="testname"
      placeholder="this is the placeholder"
    >
      initial value
    </textarea>
  </div>
</div>
`;
